// Jest Snapshot v1, https://goo.gl/fbAQLP

exports[`renders correctly 1`] = `
<section
  className="page-content"
>
  <h1>
    GuildWars 2 - Account info
    
  </h1>
  <form
    className="row apikey-bar"
    onSubmit={[Function]}
  >
    <div
      className="col-11"
    >
      <div
        className="row"
      >
        <label
          className="col-sm-2 col-form-label"
          htmlFor="apikey"
        >
          Guild Wars 2 Account API KEY
        </label>
        <input
          className="form-control col-sm-10 apikey-input"
          id="apikey"
          onChange={[Function]}
          type="text"
          value=""
        />
      </div>
    </div>
    <div
      className="col-1"
    >
      <button
        className="btn btn-primary w-100"
        type="submit"
      >
        Save
      </button>
    </div>
  </form>
  <div
    className="row"
  >
    <div
      className="col-12 mt-3"
    >
      
    </div>
  </div>
</section>
`;
